WARNING: Position deputado do Brasil (Q20058725) not in boundary associated_wikidata_positions
WARNING: the district Maranhão (Q42362) wasn't found in the boundary data for position deputado do Brasil (Q20058725)
WARNING: the district Maranhão (Q42362) wasn't found in the boundary data for position deputado do Brasil (Q20058725)
WARNING: the district Alagoas (Q40885) wasn't found in the boundary data for position deputado do Brasil (Q20058725)
WARNING: the district Minas Gerais (Q39109) wasn't found in the boundary data for position deputado do Brasil (Q20058725)
WARNING: Position Member of the Senate of Brazil (Q18964326) not in boundary associated_wikidata_positions
WARNING: the district Santa Catarina (Q41115) wasn't found in the boundary data for position Member of the Senate of Brazil (Q18964326)
WARNING: the district Alagoas (Q40885) wasn't found in the boundary data for position Member of the Senate of Brazil (Q18964326)
WARNING: the district Espírito Santo (Q43233) wasn't found in the boundary data for position Member of the Senate of Brazil (Q18964326)
WARNING: the district Maranhão (Q42362) wasn't found in the boundary data for position Member of the Senate of Brazil (Q18964326)
WARNING: the district Piauí (Q42722) wasn't found in the boundary data for position Member of the Senate of Brazil (Q18964326)
WARNING: the district Paraíba (Q38088) wasn't found in the boundary data for position Member of the Senate of Brazil (Q18964326)
WARNING: the district Maranhão (Q42362) wasn't found in the boundary data for position Member of the Senate of Brazil (Q18964326)
WARNING: the district Sergipe (Q43783) wasn't found in the boundary data for position Member of the Senate of Brazil (Q18964326)
WARNING: the district Piauí (Q42722) wasn't found in the boundary data for position Member of the Senate of Brazil (Q18964326)
WARNING: the district Amazonas (Q40040) wasn't found in the boundary data for position Member of the Senate of Brazil (Q18964326)
WARNING: the district Espírito Santo (Q43233) wasn't found in the boundary data for position Member of the Senate of Brazil (Q18964326)
WARNING: the district Alagoas (Q40885) wasn't found in the boundary data for position Member of the Senate of Brazil (Q18964326)
WARNING: the district Espírito Santo (Q43233) wasn't found in the boundary data for position Member of the Senate of Brazil (Q18964326)
WARNING: the district Piauí (Q42722) wasn't found in the boundary data for position Member of the Senate of Brazil (Q18964326)
WARNING: the district Paraíba (Q38088) wasn't found in the boundary data for position Member of the Senate of Brazil (Q18964326)
WARNING: the district Goiás (Q41587) wasn't found in the boundary data for position Member of the Senate of Brazil (Q18964326)
WARNING: the district Goiás (Q41587) wasn't found in the boundary data for position Member of the Senate of Brazil (Q18964326)
WARNING: the district Santa Catarina (Q41115) wasn't found in the boundary data for position Member of the Senate of Brazil (Q18964326)
WARNING: the district Pará (Q39517) wasn't found in the boundary data for position Member of the Senate of Brazil (Q18964326)
WARNING: the district Piauí (Q42722) wasn't found in the boundary data for position Member of the Senate of Brazil (Q18964326)
WARNING: the district Ceará (Q40123) wasn't found in the boundary data for position Member of the Senate of Brazil (Q18964326)
WARNING: the district Amazonas (Q40040) wasn't found in the boundary data for position Member of the Senate of Brazil (Q18964326)
WARNING: the district Mato Grosso (Q42824) wasn't found in the boundary data for position Member of the Senate of Brazil (Q18964326)
WARNING: the district Bahia (Q40430) wasn't found in the boundary data for position Member of the Senate of Brazil (Q18964326)
WARNING: the district Rio Grande do Norte (Q43255) wasn't found in the boundary data for position Member of the Senate of Brazil (Q18964326)
WARNING: the district Rio Grande do Norte (Q43255) wasn't found in the boundary data for position Member of the Senate of Brazil (Q18964326)
WARNING: the district Espírito Santo (Q43233) wasn't found in the boundary data for position Member of the Senate of Brazil (Q18964326)
WARNING: the district Pernambuco (Q40942) wasn't found in the boundary data for position Member of the Senate of Brazil (Q18964326)
WARNING: the district Espírito Santo (Q43233) wasn't found in the boundary data for position Member of the Senate of Brazil (Q18964326)
WARNING: the district Goiás (Q41587) wasn't found in the boundary data for position Member of the Senate of Brazil (Q18964326)
WARNING: the district Pará (Q39517) wasn't found in the boundary data for position Member of the Senate of Brazil (Q18964326)
WARNING: the district Rio Grande do Sul (Q40030) wasn't found in the boundary data for position Member of the Senate of Brazil (Q18964326)
WARNING: the district Paraná (Q15499) wasn't found in the boundary data for position Member of the Senate of Brazil (Q18964326)
WARNING: the district Rondônia (Q43235) wasn't found in the boundary data for position Member of the Senate of Brazil (Q18964326)
WARNING: the district Pernambuco (Q40942) wasn't found in the boundary data for position Member of the Senate of Brazil (Q18964326)
WARNING: the district Paraíba (Q38088) wasn't found in the boundary data for position Member of the Senate of Brazil (Q18964326)
WARNING: the district Distrito Federal (Q119158) wasn't found in the boundary data for position Member of the Senate of Brazil (Q18964326)
WARNING: the district Espírito Santo (Q43233) wasn't found in the boundary data for position Member of the Senate of Brazil (Q18964326)
WARNING: the district Maranhão (Q42362) wasn't found in the boundary data for position Member of the Senate of Brazil (Q18964326)
WARNING: the district Piauí (Q42722) wasn't found in the boundary data for position Member of the Senate of Brazil (Q18964326)
WARNING: the district Maranhão (Q42362) wasn't found in the boundary data for position Member of the Senate of Brazil (Q18964326)
WARNING: the district Distrito Federal do Brasil (Q18469298) wasn't found in the boundary data for position Member of the Senate of Brazil (Q18964326)
WARNING: the district Paraíba (Q38088) wasn't found in the boundary data for position Member of the Senate of Brazil (Q18964326)
WARNING: the district Bahia (Q40430) wasn't found in the boundary data for position Member of the Senate of Brazil (Q18964326)
WARNING: the district Rio Grande do Sul (Q40030) wasn't found in the boundary data for position Member of the Senate of Brazil (Q18964326)
WARNING: the district Rio Grande do Norte (Q43255) wasn't found in the boundary data for position Member of the Senate of Brazil (Q18964326)
WARNING: the district Paraná (Q15499) wasn't found in the boundary data for position Member of the Senate of Brazil (Q18964326)
WARNING: the district Amazonas (Q40040) wasn't found in the boundary data for position Member of the Senate of Brazil (Q18964326)
WARNING: the district Maranhão (Q42362) wasn't found in the boundary data for position Member of the Senate of Brazil (Q18964326)
WARNING: the district Mato Grosso (Q42824) wasn't found in the boundary data for position Member of the Senate of Brazil (Q18964326)
WARNING: the district Sergipe (Q43783) wasn't found in the boundary data for position Member of the Senate of Brazil (Q18964326)
WARNING: the district Bahia (Q40430) wasn't found in the boundary data for position Member of the Senate of Brazil (Q18964326)
WARNING: the district Ceará (Q40123) wasn't found in the boundary data for position Member of the Senate of Brazil (Q18964326)
WARNING: the district Amazonas (Q40040) wasn't found in the boundary data for position Member of the Senate of Brazil (Q18964326)
WARNING: the district Amazonas (Q40040) wasn't found in the boundary data for position Member of the Senate of Brazil (Q18964326)
WARNING: the district Sergipe (Q43783) wasn't found in the boundary data for position Member of the Senate of Brazil (Q18964326)
WARNING: the district Pará (Q39517) wasn't found in the boundary data for position Member of the Senate of Brazil (Q18964326)
WARNING: the district Mato Grosso (Q42824) wasn't found in the boundary data for position Member of the Senate of Brazil (Q18964326)
WARNING: the district Paraíba (Q38088) wasn't found in the boundary data for position Member of the Senate of Brazil (Q18964326)
WARNING: the district Ceará (Q40123) wasn't found in the boundary data for position Member of the Senate of Brazil (Q18964326)
WARNING: the district Goiás (Q41587) wasn't found in the boundary data for position Member of the Senate of Brazil (Q18964326)
WARNING: the district Acre (Q40780) wasn't found in the boundary data for position Member of the Senate of Brazil (Q18964326)
WARNING: the district Acre (Q40780) wasn't found in the boundary data for position Member of the Senate of Brazil (Q18964326)
WARNING: the district Rio de Janeiro (Q41428) wasn't found in the boundary data for position Member of the Senate of Brazil (Q18964326)
WARNING: the district Santa Catarina (Q41115) wasn't found in the boundary data for position Member of the Senate of Brazil (Q18964326)
WARNING: the district Pernambuco (Q40942) wasn't found in the boundary data for position Member of the Senate of Brazil (Q18964326)
WARNING: the district Pernambuco (Q40942) wasn't found in the boundary data for position Member of the Senate of Brazil (Q18964326)
WARNING: the district Rondônia (Q43235) wasn't found in the boundary data for position Member of the Senate of Brazil (Q18964326)
WARNING: the district Rondônia (Q43235) wasn't found in the boundary data for position Member of the Senate of Brazil (Q18964326)
WARNING: the district Alagoas (Q40885) wasn't found in the boundary data for position Member of the Senate of Brazil (Q18964326)
WARNING: the district Distrito Federal (Q119158) wasn't found in the boundary data for position Member of the Senate of Brazil (Q18964326)
WARNING: the district Mato Grosso do Sul (Q43319) wasn't found in the boundary data for position Member of the Senate of Brazil (Q18964326)
WARNING: the district Paraíba (Q38088) wasn't found in the boundary data for position Member of the Senate of Brazil (Q18964326)
WARNING: the district Rio Grande do Sul (Q40030) wasn't found in the boundary data for position Member of the Senate of Brazil (Q18964326)
WARNING: the district Paraná (Q15499) wasn't found in the boundary data for position Member of the Senate of Brazil (Q18964326)
WARNING: the district São Paulo (Q175) wasn't found in the boundary data for position Member of the Senate of Brazil (Q18964326)
WARNING: the district Piauí (Q42722) wasn't found in the boundary data for position Member of the Senate of Brazil (Q18964326)
WARNING: the district Ceará (Q40123) wasn't found in the boundary data for position Member of the Senate of Brazil (Q18964326)
WARNING: the district Paraná (Q15499) wasn't found in the boundary data for position Member of the Senate of Brazil (Q18964326)
WARNING: the district Bahia (Q40430) wasn't found in the boundary data for position Member of the Senate of Brazil (Q18964326)
WARNING: the district Mato Grosso do Sul (Q43319) wasn't found in the boundary data for position Member of the Senate of Brazil (Q18964326)
WARNING: the district Paraná (Q15499) wasn't found in the boundary data for position Member of the Senate of Brazil (Q18964326)
WARNING: the district Piauí (Q42722) wasn't found in the boundary data for position Member of the Senate of Brazil (Q18964326)
WARNING: the district Distrito Federal (Q119158) wasn't found in the boundary data for position Member of the Senate of Brazil (Q18964326)
WARNING: the district Paraná (Q15499) wasn't found in the boundary data for position Member of the Senate of Brazil (Q18964326)
WARNING: the district Rio Grande do Norte (Q43255) wasn't found in the boundary data for position Member of the Senate of Brazil (Q18964326)
WARNING: the district Acre (Q40780) wasn't found in the boundary data for position Member of the Senate of Brazil (Q18964326)
WARNING: the district Amazonas (Q40040) wasn't found in the boundary data for position Member of the Senate of Brazil (Q18964326)
WARNING: the district Ceará (Q40123) wasn't found in the boundary data for position Member of the Senate of Brazil (Q18964326)
WARNING: the district Minas Gerais (Q39109) wasn't found in the boundary data for position Member of the Senate of Brazil (Q18964326)
WARNING: the district Minas Gerais (Q39109) wasn't found in the boundary data for position Member of the Senate of Brazil (Q18964326)
WARNING: the district Goiás (Q41587) wasn't found in the boundary data for position Member of the Senate of Brazil (Q18964326)
WARNING: the district Pernambuco (Q40942) wasn't found in the boundary data for position Member of the Senate of Brazil (Q18964326)
WARNING: the district Mato Grosso (Q42824) wasn't found in the boundary data for position Member of the Senate of Brazil (Q18964326)
WARNING: the district Rio de Janeiro (Q41428) wasn't found in the boundary data for position Member of the Senate of Brazil (Q18964326)
WARNING: the district São Paulo (Q175) wasn't found in the boundary data for position Member of the Senate of Brazil (Q18964326)
WARNING: the district Rio de Janeiro (Q41428) wasn't found in the boundary data for position Member of the Senate of Brazil (Q18964326)
WARNING: the district Rio de Janeiro (Q41428) wasn't found in the boundary data for position Member of the Senate of Brazil (Q18964326)
WARNING: the district Distrito Federal do Brasil (Q18469298) wasn't found in the boundary data for position Member of the Senate of Brazil (Q18964326)
WARNING: the district Alagoas (Q40885) wasn't found in the boundary data for position Member of the Senate of Brazil (Q18964326)
WARNING: the district Ceará (Q40123) wasn't found in the boundary data for position Member of the Senate of Brazil (Q18964326)
WARNING: the district Amazonas (Q40040) wasn't found in the boundary data for position Member of the Senate of Brazil (Q18964326)
WARNING: the district Pará (Q39517) wasn't found in the boundary data for position Member of the Senate of Brazil (Q18964326)
WARNING: the district Alagoas (Q40885) wasn't found in the boundary data for position Member of the Senate of Brazil (Q18964326)
WARNING: the district Pernambuco (Q40942) wasn't found in the boundary data for position Member of the Senate of Brazil (Q18964326)
WARNING: the district Distrito Federal do Brasil (Q18469298) wasn't found in the boundary data for position Member of the Senate of Brazil (Q18964326)
WARNING: the district Pernambuco (Q40942) wasn't found in the boundary data for position Member of the Senate of Brazil (Q18964326)
WARNING: the district São Paulo (Q175) wasn't found in the boundary data for position Member of the Senate of Brazil (Q18964326)
WARNING: the district Santa Catarina (Q41115) wasn't found in the boundary data for position Member of the Senate of Brazil (Q18964326)
WARNING: the district Rio de Janeiro (Q41428) wasn't found in the boundary data for position Member of the Senate of Brazil (Q18964326)
WARNING: the district Rio Grande do Sul (Q40030) wasn't found in the boundary data for position Member of the Senate of Brazil (Q18964326)
WARNING: the district Rio Grande do Sul (Q40030) wasn't found in the boundary data for position Member of the Senate of Brazil (Q18964326)
WARNING: the district Santa Catarina (Q41115) wasn't found in the boundary data for position Member of the Senate of Brazil (Q18964326)
WARNING: the district São Paulo (Q175) wasn't found in the boundary data for position Member of the Senate of Brazil (Q18964326)
WARNING: the district Minas Gerais (Q39109) wasn't found in the boundary data for position Member of the Senate of Brazil (Q18964326)
WARNING: the district Alagoas (Q40885) wasn't found in the boundary data for position Member of the Senate of Brazil (Q18964326)
WARNING: the district Pará (Q39517) wasn't found in the boundary data for position Member of the Senate of Brazil (Q18964326)
WARNING: the district Mato Grosso do Sul (Q43319) wasn't found in the boundary data for position Member of the Senate of Brazil (Q18964326)
WARNING: the district Ceará (Q40123) wasn't found in the boundary data for position Member of the Senate of Brazil (Q18964326)
WARNING: the district Mato Grosso (Q42824) wasn't found in the boundary data for position Member of the Senate of Brazil (Q18964326)
WARNING: the district Pará (Q39517) wasn't found in the boundary data for position Member of the Senate of Brazil (Q18964326)
WARNING: the district Bahia (Q40430) wasn't found in the boundary data for position Member of the Senate of Brazil (Q18964326)
WARNING: the district Sergipe (Q43783) wasn't found in the boundary data for position Member of the Senate of Brazil (Q18964326)
WARNING: the district Maranhão (Q42362) wasn't found in the boundary data for position Member of the Senate of Brazil (Q18964326)
WARNING: the district Rio Grande do Norte (Q43255) wasn't found in the boundary data for position Member of the Senate of Brazil (Q18964326)
WARNING: the district Santa Catarina (Q41115) wasn't found in the boundary data for position Member of the Senate of Brazil (Q18964326)
WARNING: the district Mato Grosso do Sul (Q43319) wasn't found in the boundary data for position Member of the Senate of Brazil (Q18964326)
WARNING: the district Pará (Q39517) wasn't found in the boundary data for position Member of the Senate of Brazil (Q18964326)
WARNING: the district Goiás (Q41587) wasn't found in the boundary data for position Member of the Senate of Brazil (Q18964326)
WARNING: the district Mato Grosso (Q42824) wasn't found in the boundary data for position Member of the Senate of Brazil (Q18964326)
WARNING: the district Amazonas (Q40040) wasn't found in the boundary data for position Member of the Senate of Brazil (Q18964326)
WARNING: the district Rio Grande do Norte (Q43255) wasn't found in the boundary data for position Member of the Senate of Brazil (Q18964326)
WARNING: the district Rio Grande do Sul (Q40030) wasn't found in the boundary data for position Member of the Senate of Brazil (Q18964326)
WARNING: Position [no item] not in boundary associated_wikidata_positions
WARNING: Position [no item] not in boundary associated_wikidata_positions
WARNING: Position [no item] not in boundary associated_wikidata_positions
WARNING: Position [no item] not in boundary associated_wikidata_positions
WARNING: Position [no item] not in boundary associated_wikidata_positions
WARNING: Position [no item] not in boundary associated_wikidata_positions
WARNING: Position [no item] not in boundary associated_wikidata_positions
WARNING: Position [no item] not in boundary associated_wikidata_positions
WARNING: Position [no item] not in boundary associated_wikidata_positions
WARNING: Position [no item] not in boundary associated_wikidata_positions
WARNING: Position [no item] not in boundary associated_wikidata_positions
WARNING: Position [no item] not in boundary associated_wikidata_positions
WARNING: Position [no item] not in boundary associated_wikidata_positions
WARNING: Position [no item] not in boundary associated_wikidata_positions
WARNING: Position [no item] not in boundary associated_wikidata_positions
WARNING: Position [no item] not in boundary associated_wikidata_positions
WARNING: Position [no item] not in boundary associated_wikidata_positions
WARNING: Position [no item] not in boundary associated_wikidata_positions
WARNING: Position [no item] not in boundary associated_wikidata_positions
WARNING: Position [no item] not in boundary associated_wikidata_positions
WARNING: Position [no item] not in boundary associated_wikidata_positions
WARNING: Position [no item] not in boundary associated_wikidata_positions
WARNING: Position [no item] not in boundary associated_wikidata_positions
WARNING: Position [no item] not in boundary associated_wikidata_positions
WARNING: Position [no item] not in boundary associated_wikidata_positions
WARNING: Position [no item] not in boundary associated_wikidata_positions
